#-----------------------------------------------------------
# Vivado v2020.1 (64-bit)
# SW Build 2902540 on Wed May 27 19:54:49 MDT 2020
# IP Build 2902112 on Wed May 27 22:43:36 MDT 2020
# Start of session at: Thu Nov 19 23:18:13 2020
# Process ID: 6868
# Current directory: C:/Users/robeg/OneDrive - unb.br/UnB/3 Semestre/trabalho_8
# Command line: vivado.exe -gui_launcher_event rodinguilauncherevent6812 C:\Users\robeg\OneDrive - unb.br\UnB\3 Semestre\trabalho_8\trabalho_8.xpr
# Log file: C:/Users/robeg/OneDrive - unb.br/UnB/3 Semestre/trabalho_8/vivado.log
# Journal file: C:/Users/robeg/OneDrive - unb.br/UnB/3 Semestre/trabalho_8\vivado.jou
#-----------------------------------------------------------
start_gui
open_project {C:/Users/robeg/OneDrive - unb.br/UnB/3 Semestre/trabalho_8/trabalho_8.xpr}
update_compile_order -fileset sources_1
launch_runs synth_1 -jobs 2
wait_on_run synth_1
launch_runs impl_1 -jobs 2
wait_on_run impl_1
launch_runs impl_1 -to_step write_bitstream -jobs 2
wait_on_run impl_1
reset_run impl_1 -prev_step 
launch_runs impl_1 -to_step write_bitstream -jobs 2
wait_on_run impl_1
reset_run impl_1 -prev_step 
launch_runs impl_1 -to_step write_bitstream -jobs 2
wait_on_run impl_1
